// Jest Snapshot v1, https://goo.gl/fbAQLP

exports[`VChip.js should be removable 1`] = `
<span class="v-chip v-chip--no-color v-chip--removable theme--light v-size--default">
  <span class="v-chip__content">
    <button type="button"
            aria-label="Закрыть"
            class="v-icon notranslate v-chip__close v-icon--link v-icon--right theme--light"
            style="font-size: 18px; height: 18px; width: 18px;"
    >
      <svg xmlns="http://www.w3.org/2000/svg"
           viewbox="0 0 24 24"
           role="img"
           aria-hidden="true"
           class="v-icon__svg"
           style="font-size: 18px; height: 18px; width: 18px;"
      >
        <path d="M12,2C17.53,2 22,6.47 22,12C22,17.53 17.53,22 12,22C6.47,22 2,17.53 2,12C2,6.47 6.47,2 12,2M15.59,7L12,10.59L8.41,7L7,8.41L10.59,12L7,15.59L8.41,17L12,13.41L15.59,17L17,15.59L13.41,12L17,8.41L15.59,7Z">
        </path>
      </svg>
    </button>
  </span>
</span>
`;

exports[`VChip.js should have a v-chip class 1`] = `
<span class="v-chip v-chip--no-color theme--light v-size--default">
  <span class="v-chip__content">
  </span>
</span>
`;
